1785792798.090682 client started (735175): version 3.4, socket /tmp/tmux-1000/default, protocol 8
1785792798.090707 on Linux 6.8.0-78-generic #78-Ubuntu SMP PREEMPT_DYNAMIC Tue Aug 12 11:34:18 UTC 2025
1785792798.090710 using libevent 2.1.12-stable poll
1785792798.090713 using ncurses 6.4 20240113
1785792798.090727 flags are 0x10010000
1785792798.090739 socket is /tmp/tmux-1000/default
1785792798.090749 trying connect
1785792798.090820 add peer 0x5f877441dd50: 6 ((nil))
1785792798.091146 sending message 100 to peer 0x5f877441dd50 (4 bytes)
1785792798.091150 sending message 111 to peer 0x5f877441dd50 (8 bytes)
1785792798.091153 sending message 101 to peer 0x5f877441dd50 (14 bytes)
1785792798.091156 sending message 109 to peer 0x5f877441dd50 (4 bytes)
1785792798.091159 sending message 102 to peer 0x5f877441dd50 (11 bytes)
1785792798.091162 sending message 108 to peer 0x5f877441dd50 (47 bytes)
1785792798.091165 sending message 112 to peer 0x5f877441dd50 (70 bytes)
1785792798.091168 sending message 112 to peer 0x5f877441dd50 (5 bytes)
1785792798.091171 sending message 112 to peer 0x5f877441dd50 (5 bytes)
1785792798.091174 sending message 112 to peer 0x5f877441dd50 (6 bytes)
1785792798.091177 sending message 112 to peer 0x5f877441dd50 (6 bytes)
1785792798.091179 sending message 112 to peer 0x5f877441dd50 (11 bytes)
1785792798.091182 sending message 112 to peer 0x5f877441dd50 (10 bytes)
1785792798.091185 sending message 112 to peer 0x5f877441dd50 (13 bytes)
1785792798.091188 sending message 112 to peer 0x5f877441dd50 (13 bytes)
1785792798.091191 sending message 112 to peer 0x5f877441dd50 (18 bytes)
1785792798.091194 sending message 112 to peer 0x5f877441dd50 (11 bytes)
1785792798.091196 sending message 112 to peer 0x5f877441dd50 (10 bytes)
1785792798.091199 sending message 112 to peer 0x5f877441dd50 (15 bytes)
1785792798.091202 sending message 112 to peer 0x5f877441dd50 (21 bytes)
1785792798.091205 sending message 112 to peer 0x5f877441dd50 (13 bytes)
1785792798.091208 sending message 112 to peer 0x5f877441dd50 (7 bytes)
1785792798.091211 sending message 112 to peer 0x5f877441dd50 (13 bytes)
1785792798.091213 sending message 112 to peer 0x5f877441dd50 (7 bytes)
1785792798.091216 sending message 112 to peer 0x5f877441dd50 (13 bytes)
1785792798.091219 sending message 112 to peer 0x5f877441dd50 (9 bytes)
1785792798.091222 sending message 112 to peer 0x5f877441dd50 (21 bytes)
1785792798.091225 sending message 112 to peer 0x5f877441dd50 (13 bytes)
1785792798.091228 sending message 112 to peer 0x5f877441dd50 (8 bytes)
1785792798.091230 sending message 112 to peer 0x5f877441dd50 (12 bytes)
1785792798.091233 sending message 112 to peer 0x5f877441dd50 (13 bytes)
1785792798.091236 sending message 112 to peer 0x5f877441dd50 (9 bytes)
1785792798.091239 sending message 112 to peer 0x5f877441dd50 (9 bytes)
1785792798.091242 sending message 112 to peer 0x5f877441dd50 (12 bytes)
1785792798.091244 sending message 112 to peer 0x5f877441dd50 (8 bytes)
1785792798.091247 sending message 112 to peer 0x5f877441dd50 (8 bytes)
1785792798.091250 sending message 112 to peer 0x5f877441dd50 (7 bytes)
1785792798.091253 sending message 112 to peer 0x5f877441dd50 (7 bytes)
1785792798.091256 sending message 112 to peer 0x5f877441dd50 (9 bytes)
1785792798.091259 sending message 112 to peer 0x5f877441dd50 (13 bytes)
1785792798.091261 sending message 112 to peer 0x5f877441dd50 (6 bytes)
1785792798.091264 sending message 112 to peer 0x5f877441dd50 (9 bytes)
1785792798.091267 sending message 112 to peer 0x5f877441dd50 (15 bytes)
1785792798.091270 sending message 112 to peer 0x5f877441dd50 (13 bytes)
1785792798.091273 sending message 112 to peer 0x5f877441dd50 (12 bytes)
1785792798.091276 sending message 112 to peer 0x5f877441dd50 (8 bytes)
1785792798.091278 sending message 112 to peer 0x5f877441dd50 (14 bytes)
1785792798.091281 sending message 112 to peer 0x5f877441dd50 (11 bytes)
1785792798.091284 sending message 112 to peer 0x5f877441dd50 (9 bytes)
1785792798.091287 sending message 112 to peer 0x5f877441dd50 (10 bytes)
1785792798.091290 sending message 112 to peer 0x5f877441dd50 (10 bytes)
1785792798.091300 sending message 112 to peer 0x5f877441dd50 (10 bytes)
1785792798.091303 sending message 112 to peer 0x5f877441dd50 (10 bytes)
1785792798.091306 sending message 112 to peer 0x5f877441dd50 (11 bytes)
1785792798.091309 sending message 112 to peer 0x5f877441dd50 (12 bytes)
1785792798.091312 sending message 112 to peer 0x5f877441dd50 (12 bytes)
1785792798.091315 sending message 112 to peer 0x5f877441dd50 (12 bytes)
1785792798.091317 sending message 112 to peer 0x5f877441dd50 (12 bytes)
1785792798.091320 sending message 112 to peer 0x5f877441dd50 (12 bytes)
1785792798.091323 sending message 112 to peer 0x5f877441dd50 (11 bytes)
1785792798.091326 sending message 112 to peer 0x5f877441dd50 (11 bytes)
1785792798.091329 sending message 112 to peer 0x5f877441dd50 (12 bytes)
1785792798.091332 sending message 112 to peer 0x5f877441dd50 (12 bytes)
1785792798.091334 sending message 112 to peer 0x5f877441dd50 (12 bytes)
1785792798.091337 sending message 112 to peer 0x5f877441dd50 (12 bytes)
1785792798.091340 sending message 112 to peer 0x5f877441dd50 (12 bytes)
1785792798.091343 sending message 112 to peer 0x5f877441dd50 (10 bytes)
1785792798.091346 sending message 112 to peer 0x5f877441dd50 (12 bytes)
1785792798.091349 sending message 112 to peer 0x5f877441dd50 (13 bytes)
1785792798.091351 sending message 112 to peer 0x5f877441dd50 (13 bytes)
1785792798.091354 sending message 112 to peer 0x5f877441dd50 (13 bytes)
1785792798.091357 sending message 112 to peer 0x5f877441dd50 (13 bytes)
1785792798.091360 sending message 112 to peer 0x5f877441dd50 (13 bytes)
1785792798.091363 sending message 112 to peer 0x5f877441dd50 (8 bytes)
1785792798.091366 sending message 112 to peer 0x5f877441dd50 (11 bytes)
1785792798.091369 sending message 112 to peer 0x5f877441dd50 (11 bytes)
1785792798.091371 sending message 112 to peer 0x5f877441dd50 (11 bytes)
1785792798.091374 sending message 112 to peer 0x5f877441dd50 (12 bytes)
1785792798.091377 sending message 112 to peer 0x5f877441dd50 (12 bytes)
1785792798.091380 sending message 112 to peer 0x5f877441dd50 (12 bytes)
1785792798.091383 sending message 112 to peer 0x5f877441dd50 (12 bytes)
1785792798.091386 sending message 112 to peer 0x5f877441dd50 (13 bytes)
1785792798.091388 sending message 112 to peer 0x5f877441dd50 (13 bytes)
1785792798.091391 sending message 112 to peer 0x5f877441dd50 (13 bytes)
1785792798.091394 sending message 112 to peer 0x5f877441dd50 (8 bytes)
1785792798.091397 sending message 112 to peer 0x5f877441dd50 (13 bytes)
1785792798.091400 sending message 112 to peer 0x5f877441dd50 (13 bytes)
1785792798.091403 sending message 112 to peer 0x5f877441dd50 (13 bytes)
1785792798.091405 sending message 112 to peer 0x5f877441dd50 (13 bytes)
1785792798.091408 sending message 112 to peer 0x5f877441dd50 (13 bytes)
1785792798.091411 sending message 112 to peer 0x5f877441dd50 (12 bytes)
1785792798.091414 sending message 112 to peer 0x5f877441dd50 (12 bytes)
1785792798.091417 sending message 112 to peer 0x5f877441dd50 (12 bytes)
1785792798.091420 sending message 112 to peer 0x5f877441dd50 (12 bytes)
1785792798.091422 sending message 112 to peer 0x5f877441dd50 (13 bytes)
1785792798.091425 sending message 112 to peer 0x5f877441dd50 (8 bytes)
1785792798.091428 sending message 112 to peer 0x5f877441dd50 (13 bytes)
1785792798.091431 sending message 112 to peer 0x5f877441dd50 (13 bytes)
1785792798.091434 sending message 112 to peer 0x5f877441dd50 (13 bytes)
1785792798.091437 sending message 112 to peer 0x5f877441dd50 (13 bytes)
1785792798.091440 sending message 112 to peer 0x5f877441dd50 (13 bytes)
1785792798.091442 sending message 112 to peer 0x5f877441dd50 (13 bytes)
1785792798.091445 sending message 112 to peer 0x5f877441dd50 (13 bytes)
1785792798.091448 sending message 112 to peer 0x5f877441dd50 (12 bytes)
1785792798.091451 sending message 112 to peer 0x5f877441dd50 (12 bytes)
1785792798.091454 sending message 112 to peer 0x5f877441dd50 (12 bytes)
1785792798.091457 sending message 112 to peer 0x5f877441dd50 (8 bytes)
1785792798.091459 sending message 112 to peer 0x5f877441dd50 (12 bytes)
1785792798.091467 sending message 112 to peer 0x5f877441dd50 (13 bytes)
1785792798.091469 sending message 112 to peer 0x5f877441dd50 (13 bytes)
1785792798.091472 sending message 112 to peer 0x5f877441dd50 (13 bytes)
1785792798.091475 sending message 112 to peer 0x5f877441dd50 (13 bytes)
1785792798.091478 sending message 112 to peer 0x5f877441dd50 (13 bytes)
1785792798.091481 sending message 112 to peer 0x5f877441dd50 (13 bytes)
1785792798.091484 sending message 112 to peer 0x5f877441dd50 (13 bytes)
1785792798.091486 sending message 112 to peer 0x5f877441dd50 (13 bytes)
1785792798.091489 sending message 112 to peer 0x5f877441dd50 (12 bytes)
1785792798.091492 sending message 112 to peer 0x5f877441dd50 (10 bytes)
1785792798.091495 sending message 112 to peer 0x5f877441dd50 (12 bytes)
1785792798.091498 sending message 112 to peer 0x5f877441dd50 (12 bytes)
1785792798.091501 sending message 112 to peer 0x5f877441dd50 (12 bytes)
1785792798.091503 sending message 112 to peer 0x5f877441dd50 (13 bytes)
1785792798.091506 sending message 112 to peer 0x5f877441dd50 (13 bytes)
1785792798.091509 sending message 112 to peer 0x5f877441dd50 (13 bytes)
1785792798.091512 sending message 112 to peer 0x5f877441dd50 (13 bytes)
1785792798.091515 sending message 112 to peer 0x5f877441dd50 (13 bytes)
1785792798.091518 sending message 112 to peer 0x5f877441dd50 (13 bytes)
1785792798.091520 sending message 112 to peer 0x5f877441dd50 (13 bytes)
1785792798.091523 sending message 112 to peer 0x5f877441dd50 (10 bytes)
1785792798.091532 sending message 112 to peer 0x5f877441dd50 (13 bytes)
1785792798.091535 sending message 112 to peer 0x5f877441dd50 (12 bytes)
1785792798.091538 sending message 112 to peer 0x5f877441dd50 (12 bytes)
1785792798.091541 sending message 112 to peer 0x5f877441dd50 (12 bytes)
1785792798.091543 sending message 112 to peer 0x5f877441dd50 (10 bytes)
1785792798.091549 sending message 112 to peer 0x5f877441dd50 (10 bytes)
1785792798.091552 sending message 112 to peer 0x5f877441dd50 (10 bytes)
1785792798.091555 sending message 112 to peer 0x5f877441dd50 (12 bytes)
1785792798.091558 sending message 112 to peer 0x5f877441dd50 (13 bytes)
1785792798.091561 sending message 112 to peer 0x5f877441dd50 (13 bytes)
1785792798.091563 sending message 112 to peer 0x5f877441dd50 (13 bytes)
1785792798.091566 sending message 112 to peer 0x5f877441dd50 (13 bytes)
1785792798.091569 sending message 112 to peer 0x5f877441dd50 (13 bytes)
1785792798.091572 sending message 112 to peer 0x5f877441dd50 (11 bytes)
1785792798.091575 sending message 112 to peer 0x5f877441dd50 (11 bytes)
1785792798.091578 sending message 112 to peer 0x5f877441dd50 (12 bytes)
1785792798.091580 sending message 112 to peer 0x5f877441dd50 (12 bytes)
1785792798.091583 sending message 112 to peer 0x5f877441dd50 (12 bytes)
1785792798.091586 sending message 112 to peer 0x5f877441dd50 (12 bytes)
1785792798.091589 sending message 112 to peer 0x5f877441dd50 (12 bytes)
1785792798.091592 sending message 112 to peer 0x5f877441dd50 (11 bytes)
1785792798.091595 sending message 112 to peer 0x5f877441dd50 (12 bytes)
1785792798.091597 sending message 112 to peer 0x5f877441dd50 (12 bytes)
1785792798.091600 sending message 112 to peer 0x5f877441dd50 (13 bytes)
1785792798.091603 sending message 112 to peer 0x5f877441dd50 (13 bytes)
1785792798.091606 sending message 112 to peer 0x5f877441dd50 (13 bytes)
1785792798.091609 sending message 112 to peer 0x5f877441dd50 (13 bytes)
1785792798.091612 sending message 112 to peer 0x5f877441dd50 (13 bytes)
1785792798.091614 sending message 112 to peer 0x5f877441dd50 (10 bytes)
1785792798.091617 sending message 112 to peer 0x5f877441dd50 (9 bytes)
1785792798.091620 sending message 112 to peer 0x5f877441dd50 (12 bytes)
1785792798.091623 sending message 112 to peer 0x5f877441dd50 (13 bytes)
1785792798.091626 sending message 112 to peer 0x5f877441dd50 (13 bytes)
1785792798.091629 sending message 112 to peer 0x5f877441dd50 (13 bytes)
1785792798.091631 sending message 112 to peer 0x5f877441dd50 (13 bytes)
1785792798.091634 sending message 112 to peer 0x5f877441dd50 (13 bytes)
1785792798.091641 sending message 112 to peer 0x5f877441dd50 (9 bytes)
1785792798.091644 sending message 112 to peer 0x5f877441dd50 (12 bytes)
1785792798.091647 sending message 112 to peer 0x5f877441dd50 (13 bytes)
1785792798.091650 sending message 112 to peer 0x5f877441dd50 (13 bytes)
1785792798.091653 sending message 112 to peer 0x5f877441dd50 (13 bytes)
1785792798.091655 sending message 112 to peer 0x5f877441dd50 (13 bytes)
1785792798.091658 sending message 112 to peer 0x5f877441dd50 (13 bytes)
1785792798.091661 sending message 112 to peer 0x5f877441dd50 (11 bytes)
1785792798.091664 sending message 112 to peer 0x5f877441dd50 (12 bytes)
1785792798.091667 sending message 112 to peer 0x5f877441dd50 (13 bytes)
1785792798.091670 sending message 112 to peer 0x5f877441dd50 (13 bytes)
1785792798.091673 sending message 112 to peer 0x5f877441dd50 (13 bytes)
1785792798.091675 sending message 112 to peer 0x5f877441dd50 (13 bytes)
1785792798.091678 sending message 112 to peer 0x5f877441dd50 (13 bytes)
1785792798.091681 sending message 112 to peer 0x5f877441dd50 (11 bytes)
1785792798.091684 sending message 112 to peer 0x5f877441dd50 (12 bytes)
1785792798.091687 sending message 112 to peer 0x5f877441dd50 (12 bytes)
1785792798.091690 sending message 112 to peer 0x5f877441dd50 (12 bytes)
1785792798.091693 sending message 112 to peer 0x5f877441dd50 (12 bytes)
1785792798.091696 sending message 112 to peer 0x5f877441dd50 (12 bytes)
1785792798.091698 sending message 112 to peer 0x5f877441dd50 (21 bytes)
1785792798.091701 sending message 112 to peer 0x5f877441dd50 (12 bytes)
1785792798.091704 sending message 112 to peer 0x5f877441dd50 (9 bytes)
1785792798.091707 sending message 112 to peer 0x5f877441dd50 (6 bytes)
1785792798.091710 sending message 112 to peer 0x5f877441dd50 (13 bytes)
1785792798.091713 sending message 112 to peer 0x5f877441dd50 (8 bytes)
1785792798.091716 sending message 112 to peer 0x5f877441dd50 (15 bytes)
1785792798.091719 sending message 112 to peer 0x5f877441dd50 (13 bytes)
1785792798.091722 sending message 112 to peer 0x5f877441dd50 (9 bytes)
1785792798.091725 sending message 112 to peer 0x5f877441dd50 (70 bytes)
1785792798.091728 sending message 112 to peer 0x5f877441dd50 (69 bytes)
1785792798.091731 sending message 112 to peer 0x5f877441dd50 (10 bytes)
1785792798.091734 sending message 112 to peer 0x5f877441dd50 (10 bytes)
1785792798.091737 sending message 112 to peer 0x5f877441dd50 (8 bytes)
1785792798.091739 sending message 112 to peer 0x5f877441dd50 (15 bytes)
1785792798.091742 sending message 112 to peer 0x5f877441dd50 (13 bytes)
1785792798.091745 sending message 112 to peer 0x5f877441dd50 (10 bytes)
1785792798.091748 sending message 112 to peer 0x5f877441dd50 (10 bytes)
1785792798.091751 sending message 112 to peer 0x5f877441dd50 (17 bytes)
1785792798.091754 sending message 112 to peer 0x5f877441dd50 (10 bytes)
1785792798.091757 sending message 112 to peer 0x5f877441dd50 (13 bytes)
1785792798.091760 sending message 112 to peer 0x5f877441dd50 (9 bytes)
1785792798.091763 sending message 112 to peer 0x5f877441dd50 (5 bytes)
1785792798.091766 sending message 112 to peer 0x5f877441dd50 (15 bytes)
1785792798.091769 sending message 104 to peer 0x5f877441dd50 (0 bytes)
1785792798.091773 sending message 110 to peer 0x5f877441dd50 (0 bytes)
1785792798.091776 sending message 107 to peer 0x5f877441dd50 (4 bytes)
1785792798.091779 sending message 105 to peer 0x5f877441dd50 (16 bytes)
1785792798.091782 sending message 105 to peer 0x5f877441dd50 (25 bytes)
1785792798.091785 sending message 105 to peer 0x5f877441dd50 (46 bytes)
1785792798.091788 sending message 105 to peer 0x5f877441dd50 (7 bytes)
1785792798.091791 sending message 105 to peer 0x5f877441dd50 (37 bytes)
1785792798.091794 sending message 105 to peer 0x5f877441dd50 (48 bytes)
1785792798.091797 sending message 105 to peer 0x5f877441dd50 (51 bytes)
1785792798.091800 sending message 105 to peer 0x5f877441dd50 (17 bytes)
1785792798.091803 sending message 105 to peer 0x5f877441dd50 (21 bytes)
1785792798.091805 sending message 105 to peer 0x5f877441dd50 (39 bytes)
1785792798.091813 sending message 105 to peer 0x5f877441dd50 (75 bytes)
1785792798.091816 sending message 105 to peer 0x5f877441dd50 (20 bytes)
1785792798.091819 sending message 105 to peer 0x5f877441dd50 (17 bytes)
1785792798.091822 sending message 105 to peer 0x5f877441dd50 (1817 bytes)
1785792798.091833 sending message 105 to peer 0x5f877441dd50 (482 bytes)
1785792798.091836 sending message 105 to peer 0x5f877441dd50 (30 bytes)
1785792798.091840 sending message 105 to peer 0x5f877441dd50 (30 bytes)
1785792798.091842 sending message 105 to peer 0x5f877441dd50 (42 bytes)
1785792798.091845 sending message 105 to peer 0x5f877441dd50 (53 bytes)
1785792798.091848 sending message 105 to peer 0x5f877441dd50 (40 bytes)
1785792798.091851 sending message 105 to peer 0x5f877441dd50 (47 bytes)
1785792798.091854 sending message 105 to peer 0x5f877441dd50 (34 bytes)
1785792798.091857 sending message 105 to peer 0x5f877441dd50 (38 bytes)
1785792798.091860 sending message 105 to peer 0x5f877441dd50 (23 bytes)
1785792798.091863 sending message 105 to peer 0x5f877441dd50 (19 bytes)
1785792798.091866 sending message 105 to peer 0x5f877441dd50 (11 bytes)
1785792798.091869 sending message 105 to peer 0x5f877441dd50 (32 bytes)
1785792798.091872 sending message 105 to peer 0x5f877441dd50 (14 bytes)
1785792798.091874 sending message 105 to peer 0x5f877441dd50 (14 bytes)
1785792798.091877 sending message 105 to peer 0x5f877441dd50 (14 bytes)
1785792798.091880 sending message 105 to peer 0x5f877441dd50 (44 bytes)
1785792798.091883 sending message 105 to peer 0x5f877441dd50 (23 bytes)
1785792798.091886 sending message 105 to peer 0x5f877441dd50 (8 bytes)
1785792798.091889 sending message 105 to peer 0x5f877441dd50 (20 bytes)
1785792798.091892 sending message 105 to peer 0x5f877441dd50 (54 bytes)
1785792798.091895 sending message 105 to peer 0x5f877441dd50 (31 bytes)
1785792798.091898 sending message 105 to peer 0x5f877441dd50 (35 bytes)
1785792798.091901 sending message 105 to peer 0x5f877441dd50 (23 bytes)
1785792798.091903 sending message 105 to peer 0x5f877441dd50 (65 bytes)
1785792798.091906 sending message 105 to peer 0x5f877441dd50 (169 bytes)
1785792798.091910 sending message 105 to peer 0x5f877441dd50 (55 bytes)
1785792798.091913 sending message 105 to peer 0x5f877441dd50 (54 bytes)
1785792798.091915 sending message 105 to peer 0x5f877441dd50 (19 bytes)
1785792798.091918 sending message 105 to peer 0x5f877441dd50 (42 bytes)
1785792798.091921 sending message 105 to peer 0x5f877441dd50 (18 bytes)
1785792798.091924 sending message 105 to peer 0x5f877441dd50 (16 bytes)
1785792798.091927 sending message 106 to peer 0x5f877441dd50 (0 bytes)
1785792798.091973 sending message 200 to peer 0x5f877441dd50 (4 bytes)
1785792798.091976 client loop enter
1785792798.092560 peer 0x5f877441dd50 message 303
1785792798.092569 open write file 2 -
1785792798.092576 sending message 305 to peer 0x5f877441dd50 (8 bytes)
1785792798.092590 write check file 2
1785792798.092787 peer 0x5f877441dd50 message 304
1785792798.092793 write 58 to file 2
1785792798.092797 peer 0x5f877441dd50 message 203
1785792798.092801 file 2 58 bytes left
1785792798.092813 write check file 2
1785792798.092816 client loop exit
